     VMA      LMA     Size Align Out     In      Symbol
       0        0 80200000     1 . = 0x80200000
80200000        0        0     1 __kernel_base = .
80200000 80200000     1852     4 .text
80200000 80200000        e     2         /tmp/kernel-ff4e94.o:(.text.boot)
80200000 80200000        0     1                 
80200000 80200000        0     1                 
80200000 80200000        0     1                 
80200000 80200000        0     1                 
80200000 80200000        e     1                 boot
8020000e 8020000e        0     1                 
8020000e 8020000e        0     1                 
80200010 80200010     15c0     4         /tmp/kernel-ff4e94.o:(.text)
80200010 80200010        0     1                 
80200010 80200010        0     1                 
80200010 80200010        0     1                 
80200010 80200010       58     1                 alloc_pages
80200012 80200012        0     1                 
80200012 80200012        0     1                 
80200016 80200016        0     1                 
8020001e 8020001e        0     1                 
80200022 80200022        0     1                 
80200026 80200026        0     1                 
8020002e 8020002e        0     1                 
80200032 80200032        0     1                 
80200036 80200036        0     1                 
80200050 80200050        0     1                 
80200052 80200052        0     1                 
8020005e 8020005e        0     1                 
8020005e 8020005e        0     1                 
80200068 80200068        0     1                 
80200068 80200068        0     1                 
80200068 80200068        0     1                 
80200068 80200068        0     1                 
80200068 80200068        0     1                 
80200068 80200068        a     1                 virtio_reg_read32
8020006c 8020006c        0     1                 
8020006e 8020006e        0     1                 
80200070 80200070        0     1                 
80200072 80200072        0     1                 
80200072 80200072        0     1                 
80200072 80200072        0     1                 
80200072 80200072        0     1                 
80200072 80200072        0     1                 
80200072 80200072        c     1                 virtio_reg_read64
80200076 80200076        0     1                 
80200078 80200078        0     1                 
8020007c 8020007c        0     1                 
8020007e 8020007e        0     1                 
8020007e 8020007e        0     1                 
8020007e 8020007e        0     1                 
8020007e 8020007e        0     1                 
8020007e 8020007e        0     1                 
8020007e 8020007e        a     1                 virtio_reg_write32
80200082 80200082        0     1                 
80200084 80200084        0     1                 
80200086 80200086        0     1                 
80200088 80200088        0     1                 
80200088 80200088        0     1                 
80200088 80200088        0     1                 
80200088 80200088        0     1                 
80200088 80200088        0     1                 
80200088 80200088        e     1                 virtio_reg_fetch_and_or32
8020008c 8020008c        0     1                 
8020008c 8020008c        0     1                 
8020008e 8020008e        0     1                 
80200090 80200090        0     1                 
80200090 80200090        0     1                 
80200092 80200092        0     1                 
80200092 80200092        0     1                 
80200094 80200094        0     1                 
80200094 80200094        0     1                 
80200096 80200096        0     1                 
80200096 80200096        0     1                 
80200096 80200096        0     1                 
80200096 80200096        0     1                 
80200096 80200096        0     1                 
80200096 80200096       84     1                 virtq_init
80200098 80200098        0     1                 
80200098 80200098        0     1                 
80200098 80200098        0     1                 
8020009e 8020009e        0     1                 
802000a6 802000a6        0     1                 
802000aa 802000aa        0     1                 
802000ac 802000ac        0     1                 
802000b4 802000b4        0     1                 
802000b8 802000b8        0     1                 
802000bc 802000bc        0     1                 
802000d6 802000d6        0     1                 
802000d8 802000d8        0     1                 
802000e6 802000e6        0     1                 
802000e6 802000e6        0     1                 
802000ec 802000ec        0     1                 
802000ec 802000ec        0     1                 
802000ee 802000ee        0     1                 
802000f4 802000f4        0     1                 
802000fa 802000fa        0     1                 
802000fc 802000fc        0     1                 
80200102 80200102        0     1                 
80200102 80200102        0     1                 
80200106 80200106        0     1                 
80200106 80200106        0     1                 
80200108 80200108        0     1                 
80200108 80200108        0     1                 
8020010c 8020010c        0     1                 
8020010c 8020010c        0     1                 
8020010e 8020010e        0     1                 
8020010e 8020010e        0     1                 
8020011a 8020011a        0     1                 
8020011a 8020011a        0     1                 
8020011a 8020011a        0     1                 
8020011a 8020011a        0     1                 
8020011a 8020011a        0     1                 
8020011a 8020011a      1a2     1                 virtio_blk_init
8020011c 8020011c        0     1                 
80200126 80200126        0     1                 
8020012a 8020012a        0     1                 
8020012a 8020012a        0     1                 
80200134 80200134        0     1                 
80200134 80200134        0     1                 
80200138 80200138        0     1                 
80200138 80200138        0     1                 
8020013c 8020013c        0     1                 
8020013c 8020013c        0     1                 
80200140 80200140        0     1                 
80200144 80200144        0     1                 
80200144 80200144        0     1                 
80200148 80200148        0     1                 
80200148 80200148        0     1                 
8020014c 8020014c        0     1                 
8020014c 8020014c        0     1                 
80200150 80200150        0     1                 
80200150 80200150        0     1                 
80200152 80200152        0     1                 
80200152 80200152        0     1                 
80200156 80200156        0     1                 
80200156 80200156        0     1                 
80200158 80200158        0     1                 
80200158 80200158        0     1                 
8020015a 8020015a        0     1                 
8020015a 8020015a        0     1                 
8020015e 8020015e        0     1                 
8020015e 8020015e        0     1                 
80200160 80200160        0     1                 
80200160 80200160        0     1                 
80200162 80200162        0     1                 
80200162 80200162        0     1                 
80200166 80200166        0     1                 
80200166 80200166        0     1                 
80200168 80200168        0     1                 
80200168 80200168        0     1                 
80200170 80200170        0     1                 
80200172 80200172        0     1                 
80200174 80200174        0     1                 
8020017c 8020017c        0     1                 
80200180 80200180        0     1                 
80200184 80200184        0     1                 
8020019e 8020019e        0     1                 
802001a0 802001a0        0     1                 
802001bc 802001bc        0     1                 
802001be 802001be        0     1                 
802001da 802001da        0     1                 
802001dc 802001dc        0     1                 
802001f8 802001f8        0     1                 
802001fa 802001fa        0     1                 
80200208 80200208        0     1                 
80200208 80200208        0     1                 
8020020e 8020020e        0     1                 
80200210 80200210        0     1                 
80200218 80200218        0     1                 
8020021e 8020021e        0     1                 
80200220 80200220        0     1                 
80200226 80200226        0     1                 
80200226 80200226        0     1                 
8020022c 8020022c        0     1                 
8020022c 8020022c        0     1                 
8020022e 8020022e        0     1                 
8020022e 8020022e        0     1                 
80200232 80200232        0     1                 
80200232 80200232        0     1                 
80200234 80200234        0     1                 
80200234 80200234        0     1                 
8020023e 8020023e        0     1                 
8020023e 8020023e        0     1                 
80200240 80200240        0     1                 
80200240 80200240        0     1                 
80200248 80200248        0     1                 
80200248 80200248        0     1                 
8020024c 8020024c        0     1                 
80200254 80200254        0     1                 
80200264 80200264        0     1                 
80200264 80200264        0     1                 
80200268 80200268        0     1                 
80200270 80200270        0     1                 
80200274 80200274        0     1                 
8020028e 8020028e        0     1                 
80200290 80200290        0     1                 
8020029e 8020029e        0     1                 
8020029e 8020029e        0     1                 
802002a6 802002a6        0     1                 
802002ae 802002ae        0     1                 
802002bc 802002bc        0     1                 
802002bc 802002bc        0     1                 
802002bc 802002bc        0     1                 
802002bc 802002bc        0     1                 
802002bc 802002bc        0     1                 
802002bc 802002bc        0     1                 
802002bc 802002bc       38     1                 virtq_kick
802002c6 802002c6        0     1                 
802002c8 802002c8        0     1                 
802002cc 802002cc        0     1                 
802002ce 802002ce        0     1                 
802002d0 802002d0        0     1                 
802002d4 802002d4        0     1                 
802002dc 802002dc        0     1                 
802002e0 802002e0        0     1                 
802002e2 802002e2        0     1                 
802002e6 802002e6        0     1                 
802002e6 802002e6        0     1                 
802002e8 802002e8        0     1                 
802002e8 802002e8        0     1                 
802002f2 802002f2        0     1                 
802002f4 802002f4        0     1                 
802002f4 802002f4        0     1                 
802002f4 802002f4        0     1                 
802002f4 802002f4        0     1                 
802002f4 802002f4        0     1                 
802002f4 802002f4       1a     1                 virtq_is_busy
802002fa 802002fa        0     1                 
802002fc 802002fc        0     1                 
802002fe 802002fe        0     1                 
80200302 80200302        0     1                 
80200306 80200306        0     1                 
8020030c 8020030c        0     1                 
8020030e 8020030e        0     1                 
8020030e 8020030e        0     1                 
8020030e 8020030e        0     1                 
8020030e 8020030e        0     1                 
8020030e 8020030e        0     1                 
8020030e 8020030e      172     1                 read_write_disk
80200310 80200310        0     1                 
80200310 80200310        0     1                 
80200318 80200318        0     1                 
80200320 80200320        0     1                 
80200324 80200324        0     1                 
80200328 80200328        0     1                 
8020032c 8020032c        0     1                 
80200334 80200334        0     1                 
80200360 80200360        0     1                 
80200364 80200364        0     1                 
80200374 80200374        0     1                 
80200376 80200376        0     1                 
80200378 80200378        0     1                 
80200386 80200386        0     1                 
80200386 80200386        0     1                 
8020038a 8020038a        0     1                 
80200396 80200396        0     1                 
8020039a 8020039a        0     1                 
802003a2 802003a2        0     1                 
802003a4 802003a4        0     1                 
802003b0 802003b0        0     1                 
802003b2 802003b2        0     1                 
802003ba 802003ba        0     1                 
802003c0 802003c0        0     1                 
802003c2 802003c2        0     1                 
802003c6 802003c6        0     1                 
802003d0 802003d0        0     1                 
802003d2 802003d2        0     1                 
802003d8 802003d8        0     1                 
802003dc 802003dc        0     1                 
802003e0 802003e0        0     1                 
802003e6 802003e6        0     1                 
802003ec 802003ec        0     1                 
802003ee 802003ee        0     1                 
802003f2 802003f2        0     1                 
802003f6 802003f6        0     1                 
802003f8 802003f8        0     1                 
802003fa 802003fa        0     1                 
802003fe 802003fe        0     1                 
80200406 80200406        0     1                 
8020040a 8020040a        0     1                 
80200410 80200410        0     1                 
80200410 80200410        0     1                 
80200412 80200412        0     1                 
80200412 80200412        0     1                 
80200424 80200424        0     1                 
80200424 80200424        0     1                 
80200428 80200428        0     1                 
80200428 80200428        0     1                 
8020042c 8020042c        0     1                 
80200434 80200434        0     1                 
80200438 80200438        0     1                 
8020043a 8020043a        0     1                 
80200444 80200444        0     1                 
8020044e 8020044e        0     1                 
80200456 80200456        0     1                 
80200458 80200458        0     1                 
80200464 80200464        0     1                 
80200468 80200468        0     1                 
80200478 80200478        0     1                 
80200480 80200480        0     1                 
80200480 80200480        0     1                 
80200480 80200480        0     1                 
80200480 80200480        0     1                 
80200480 80200480        0     1                 
80200480 80200480       2c     1                 oct2int
80200482 80200482        0     1                 
80200482 80200482        0     1                 
80200486 80200486        0     1                 
8020048a 8020048a        0     1                 
8020048e 8020048e        0     1                 
8020049a 8020049a        0     1                 
8020049c 8020049c        0     1                 
8020049e 8020049e        0     1                 
802004a2 802004a2        0     1                 
802004a6 802004a6        0     1                 
802004a8 802004a8        0     1                 
802004a8 802004a8        0     1                 
802004ac 802004ac        0     1                 
802004ac 802004ac        0     1                 
802004ac 802004ac        0     1                 
802004ac 802004ac        0     1                 
802004ac 802004ac        0     1                 
802004ac 802004ac       18     1                 user_entry
802004b8 802004b8        0     1                 
802004c4 802004c4        0     1                 
802004c4 802004c4        0     1                 
802004c4 802004c4        0     1                 
802004c4 802004c4        0     1                 
802004c4 802004c4        0     1                 
802004c4 802004c4      286     1                 fs_init
802004c6 802004c6        0     1                 
802004c6 802004c6        0     1                 
802004c6 802004c6        0     1                 
802004e0 802004e0        0     1                 
802004e8 802004e8        0     1                 
802004f6 802004f6        0     1                 
802004f6 802004f6        0     1                 
802004fa 802004fa        0     1                 
80200508 80200508        0     1                 
80200508 80200508        0     1                 
8020050c 8020050c        0     1                 
8020051a 8020051a        0     1                 
8020051a 8020051a        0     1                 
8020051e 8020051e        0     1                 
8020052a 8020052a        0     1                 
8020052a 8020052a        0     1                 
8020052e 8020052e        0     1                 
8020053a 8020053a        0     1                 
8020053a 8020053a        0     1                 
8020055c 8020055c        0     1                 
8020055e 8020055e        0     1                 
8020056c 8020056c        0     1                 
80200570 80200570        0     1                 
80200574 80200574        0     1                 
80200580 80200580        0     1                 
80200580 80200580        0     1                 
80200584 80200584        0     1                 
80200588 80200588        0     1                 
80200592 80200592        0     1                 
80200592 80200592        0     1                 
80200596 80200596        0     1                 
802005a4 802005a4        0     1                 
802005a4 802005a4        0     1                 
802005ac 802005ac        0     1                 
802005b0 802005b0        0     1                 
802005b2 802005b2        0     1                 
802005b4 802005b4        0     1                 
802005b8 802005b8        0     1                 
802005bc 802005bc        0     1                 
802005c0 802005c0        0     1                 
802005c4 802005c4        0     1                 
802005c8 802005c8        0     1                 
802005d4 802005d4        0     1                 
802005d4 802005d4        0     1                 
802005d8 802005d8        0     1                 
802005d8 802005d8        0     1                 
802005dc 802005dc        0     1                 
802005e8 802005e8        0     1                 
802005ec 802005ec        0     1                 
802005f4 802005f4        0     1                 
802005f8 802005f8        0     1                 
802005fc 802005fc        0     1                 
80200600 80200600        0     1                 
80200604 80200604        0     1                 
80200606 80200606        0     1                 
8020060e 8020060e        0     1                 
80200612 80200612        0     1                 
80200616 80200616        0     1                 
8020061a 8020061a        0     1                 
8020061e 8020061e        0     1                 
80200620 80200620        0     1                 
80200628 80200628        0     1                 
8020062c 8020062c        0     1                 
80200630 80200630        0     1                 
80200634 80200634        0     1                 
80200638 80200638        0     1                 
8020063a 8020063a        0     1                 
80200642 80200642        0     1                 
80200646 80200646        0     1                 
8020064a 8020064a        0     1                 
8020064e 8020064e        0     1                 
80200652 80200652        0     1                 
80200654 80200654        0     1                 
8020065c 8020065c        0     1                 
80200660 80200660        0     1                 
80200664 80200664        0     1                 
80200668 80200668        0     1                 
8020066c 8020066c        0     1                 
8020066e 8020066e        0     1                 
80200676 80200676        0     1                 
8020067a 8020067a        0     1                 
8020067e 8020067e        0     1                 
80200682 80200682        0     1                 
80200686 80200686        0     1                 
80200688 80200688        0     1                 
80200690 80200690        0     1                 
80200694 80200694        0     1                 
80200698 80200698        0     1                 
8020069c 8020069c        0     1                 
802006a0 802006a0        0     1                 
802006a2 802006a2        0     1                 
802006aa 802006aa        0     1                 
802006ae 802006ae        0     1                 
802006b2 802006b2        0     1                 
802006b6 802006b6        0     1                 
802006ba 802006ba        0     1                 
802006bc 802006bc        0     1                 
802006c4 802006c4        0     1                 
802006c8 802006c8        0     1                 
802006cc 802006cc        0     1                 
802006d0 802006d0        0     1                 
802006d4 802006d4        0     1                 
802006d6 802006d6        0     1                 
802006de 802006de        0     1                 
802006e2 802006e2        0     1                 
802006e6 802006e6        0     1                 
802006ea 802006ea        0     1                 
802006ee 802006ee        0     1                 
802006f0 802006f0        0     1                 
802006f8 802006f8        0     1                 
802006fc 802006fc        0     1                 
80200700 80200700        0     1                 
80200704 80200704        0     1                 
80200706 80200706        0     1                 
8020070a 8020070a        0     1                 
8020070c 8020070c        0     1                 
8020070c 8020070c        0     1                 
8020072a 8020072a        0     1                 
80200748 80200748        0     1                 
8020074a 8020074a        0     1                 
8020074a 8020074a        0     1                 
8020074a 8020074a        0     1                 
8020074a 8020074a        0     1                 
8020074a 8020074a        0     1                 
8020074a 8020074a      324     1                 fs_flush
8020074c 8020074c        0     1                 
8020074c 8020074c        0     1                 
80200766 80200766        0     1                 
80200780 80200780        0     1                 
80200780 80200780        0     1                 
802007b0 802007b0        0     1                 
802007b0 802007b0        0     1                 
802007b6 802007b6        0     1                 
802007b8 802007b8        0     1                 
802007bc 802007bc        0     1                 
802007bc 802007bc        0     1                 
802007ca 802007ca        0     1                 
802007cc 802007cc        0     1                 
802007d2 802007d2        0     1                 
802007e2 802007e2        0     1                 
802007e2 802007e2        0     1                 
802007e6 802007e6        0     1                 
802007ea 802007ea        0     1                 
802007f4 802007f4        0     1                 
802007f4 802007f4        0     1                 
802007f8 802007f8        0     1                 
80200802 80200802        0     1                 
80200802 80200802        0     1                 
80200806 80200806        0     1                 
80200810 80200810        0     1                 
80200810 80200810        0     1                 
80200814 80200814        0     1                 
8020081e 8020081e        0     1                 
8020081e 8020081e        0     1                 
80200822 80200822        0     1                 
80200824 80200824        0     1                 
80200828 80200828        0     1                 
80200836 80200836        0     1                 
8020083e 8020083e        0     1                 
80200842 80200842        0     1                 
80200846 80200846        0     1                 
80200854 80200854        0     1                 
80200858 80200858        0     1                 
8020085c 8020085c        0     1                 
80200864 80200864        0     1                 
80200870 80200870        0     1                 
80200874 80200874        0     1                 
80200878 80200878        0     1                 
80200880 80200880        0     1                 
8020088c 8020088c        0     1                 
80200890 80200890        0     1                 
80200894 80200894        0     1                 
8020089c 8020089c        0     1                 
802008a8 802008a8        0     1                 
802008ac 802008ac        0     1                 
802008b0 802008b0        0     1                 
802008b8 802008b8        0     1                 
802008c4 802008c4        0     1                 
802008c8 802008c8        0     1                 
802008cc 802008cc        0     1                 
802008d4 802008d4        0     1                 
802008e2 802008e2        0     1                 
802008e6 802008e6        0     1                 
802008ea 802008ea        0     1                 
802008f2 802008f2        0     1                 
80200900 80200900        0     1                 
80200904 80200904        0     1                 
80200908 80200908        0     1                 
80200912 80200912        0     1                 
80200922 80200922        0     1                 
80200926 80200926        0     1                 
8020092a 8020092a        0     1                 
80200932 80200932        0     1                 
80200940 80200940        0     1                 
80200944 80200944        0     1                 
80200948 80200948        0     1                 
8020094c 8020094c        0     1                 
80200952 80200952        0     1                 
80200956 80200956        0     1                 
80200962 80200962        0     1                 
80200962 80200962        0     1                 
8020096a 8020096a        0     1                 
8020096c 8020096c        0     1                 
8020096e 8020096e        0     1                 
80200972 80200972        0     1                 
80200972 80200972        0     1                 
8020097a 8020097a        0     1                 
8020097e 8020097e        0     1                 
80200988 80200988        0     1                 
8020098c 8020098c        0     1                 
80200990 80200990        0     1                 
80200996 80200996        0     1                 
8020099a 8020099a        0     1                 
8020099e 8020099e        0     1                 
802009a4 802009a4        0     1                 
802009a8 802009a8        0     1                 
802009ac 802009ac        0     1                 
802009b2 802009b2        0     1                 
802009b6 802009b6        0     1                 
802009ba 802009ba        0     1                 
802009c0 802009c0        0     1                 
802009c4 802009c4        0     1                 
802009c4 802009c4        0     1                 
802009c8 802009c8        0     1                 
802009cc 802009cc        0     1                 
802009d4 802009d4        0     1                 
802009d4 802009d4        0     1                 
802009e0 802009e0        0     1                 
802009e2 802009e2        0     1                 
802009e4 802009e4        0     1                 
802009ec 802009ec        0     1                 
802009ec 802009ec        0     1                 
802009fa 802009fa        0     1                 
802009fa 802009fa        0     1                 
802009fe 802009fe        0     1                 
80200a0a 80200a0a        0     1                 
80200a0a 80200a0a        0     1                 
80200a0e 80200a0e        0     1                 
80200a1c 80200a1c        0     1                 
80200a1c 80200a1c        0     1                 
80200a20 80200a20        0     1                 
80200a2c 80200a2c        0     1                 
80200a2c 80200a2c        0     1                 
80200a30 80200a30        0     1                 
80200a3c 80200a3c        0     1                 
80200a3c 80200a3c        0     1                 
80200a66 80200a66        0     1                 
80200a6e 80200a6e        0     1                 
80200a6e 80200a6e        0     1                 
80200a6e 80200a6e        0     1                 
80200a6e 80200a6e        0     1                 
80200a6e 80200a6e        0     1                 
80200a6e 80200a6e        0     1                 
80200a6e 80200a6e        6     1                 sbi_call
80200a72 80200a72        0     1                 
80200a74 80200a74        0     1                 
80200a74 80200a74        0     1                 
80200a74 80200a74        0     1                 
80200a74 80200a74        0     1                 
80200a74 80200a74        0     1                 
80200a74 80200a74      10a     1                 map_page
80200a76 80200a76        0     1                 
80200a84 80200a84        0     1                 
80200a8a 80200a8a        0     1                 
80200a8e 80200a8e        0     1                 
80200a90 80200a90        0     1                 
80200aae 80200aae        0     1                 
80200ab0 80200ab0        0     1                 
80200ab2 80200ab2        0     1                 
80200ab4 80200ab4        0     1                 
80200ab6 80200ab6        0     1                 
80200ad4 80200ad4        0     1                 
80200ad6 80200ad6        0     1                 
80200ad8 80200ad8        0     1                 
80200adc 80200adc        0     1                 
80200ade 80200ade        0     1                 
80200ae6 80200ae6        0     1                 
80200aea 80200aea        0     1                 
80200af2 80200af2        0     1                 
80200af4 80200af4        0     1                 
80200af4 80200af4        0     1                 
80200afc 80200afc        0     1                 
80200afe 80200afe        0     1                 
80200b00 80200b00        0     1                 
80200b08 80200b08        0     1                 
80200b0c 80200b0c        0     1                 
80200b10 80200b10        0     1                 
80200b2a 80200b2a        0     1                 
80200b2c 80200b2c        0     1                 
80200b3a 80200b3a        0     1                 
80200b3a 80200b3a        0     1                 
80200b42 80200b42        0     1                 
80200b46 80200b46        0     1                 
80200b4a 80200b4a        0     1                 
80200b4a 80200b4a        0     1                 
80200b4e 80200b4e        0     1                 
80200b56 80200b56        0     1                 
80200b5e 80200b5e        0     1                 
80200b6a 80200b6a        0     1                 
80200b6c 80200b6c        0     1                 
80200b7e 80200b7e        0     1                 
80200b7e 80200b7e        0     1                 
80200b7e 80200b7e        0     1                 
80200b7e 80200b7e        0     1                 
80200b7e 80200b7e        0     1                 
80200b7e 80200b7e      32a     1                 create_process
80200b80 80200b80        0     1                 
80200b9a 80200b9a        0     1                 
80200ba2 80200ba2        0     1                 
80200ba6 80200ba6        0     1                 
80200ba8 80200ba8        0     1                 
80200baa 80200baa        0     1                 
80200bb0 80200bb0        0     1                 
80200bb2 80200bb2        0     1                 
80200bb4 80200bb4        0     1                 
80200bc4 80200bc4        0     1                 
80200bc6 80200bc6        0     1                 
80200bc8 80200bc8        0     1                 
80200bd0 80200bd0        0     1                 
80200bd2 80200bd2        0     1                 
80200bd4 80200bd4        0     1                 
80200be4 80200be4        0     1                 
80200be6 80200be6        0     1                 
80200be8 80200be8        0     1                 
80200bf0 80200bf0        0     1                 
80200bf2 80200bf2        0     1                 
80200bf4 80200bf4        0     1                 
80200c04 80200c04        0     1                 
80200c06 80200c06        0     1                 
80200c08 80200c08        0     1                 
80200c10 80200c10        0     1                 
80200c12 80200c12        0     1                 
80200c14 80200c14        0     1                 
80200c30 80200c30        0     1                 
80200c32 80200c32        0     1                 
80200c56 80200c56        0     1                 
80200c5e 80200c5e        0     1                 
80200c62 80200c62        0     1                 
80200c64 80200c64        0     1                 
80200c6c 80200c6c        0     1                 
80200c6e 80200c6e        0     1                 
80200c76 80200c76        0     1                 
80200c78 80200c78        0     1                 
80200c7c 80200c7c        0     1                 
80200c80 80200c80        0     1                 
80200c88 80200c88        0     1                 
80200c8a 80200c8a        0     1                 
80200c92 80200c92        0     1                 
80200c94 80200c94        0     1                 
80200c9c 80200c9c        0     1                 
80200c9e 80200c9e        0     1                 
80200ca6 80200ca6        0     1                 
80200ca8 80200ca8        0     1                 
80200cb0 80200cb0        0     1                 
80200cb2 80200cb2        0     1                 
80200cba 80200cba        0     1                 
80200cbc 80200cbc        0     1                 
80200cc4 80200cc4        0     1                 
80200cc6 80200cc6        0     1                 
80200cce 80200cce        0     1                 
80200cd0 80200cd0        0     1                 
80200cd8 80200cd8        0     1                 
80200cdc 80200cdc        0     1                 
80200ce0 80200ce0        0     1                 
80200ce8 80200ce8        0     1                 
80200cf0 80200cf0        0     1                 
80200cf2 80200cf2        0     1                 
80200cfa 80200cfa        0     1                 
80200d02 80200d02        0     1                 
80200d1c 80200d1c        0     1                 
80200d1e 80200d1e        0     1                 
80200d22 80200d22        0     1                 
80200d32 80200d32        0     1                 
80200d32 80200d32        0     1                 
80200d3e 80200d3e        0     1                 
80200d46 80200d46        0     1                 
80200d56 80200d56        0     1                 
80200d56 80200d56        0     1                 
80200d58 80200d58        0     1                 
80200d5c 80200d5c        0     1                 
80200d5c 80200d5c        0     1                 
80200d60 80200d60        0     1                 
80200d64 80200d64        0     1                 
80200d66 80200d66        0     1                 
80200d66 80200d66        0     1                 
80200d6e 80200d6e        0     1                 
80200d70 80200d70        0     1                 
80200d72 80200d72        0     1                 
80200d7a 80200d7a        0     1                 
80200d7e 80200d7e        0     1                 
80200d82 80200d82        0     1                 
80200d9c 80200d9c        0     1                 
80200d9e 80200d9e        0     1                 
80200dac 80200dac        0     1                 
80200dac 80200dac        0     1                 
80200db4 80200db4        0     1                 
80200db8 80200db8        0     1                 
80200dbc 80200dbc        0     1                 
80200dbc 80200dbc        0     1                 
80200dc0 80200dc0        0     1                 
80200dc4 80200dc4        0     1                 
80200dcc 80200dcc        0     1                 
80200dce 80200dce        0     1                 
80200dce 80200dce        0     1                 
80200dd2 80200dd2        0     1                 
80200dec 80200dec        0     1                 
80200dfa 80200dfa        0     1                 
80200dfa 80200dfa        0     1                 
80200dfe 80200dfe        0     1                 
80200e0c 80200e0c        0     1                 
80200e0c 80200e0c        0     1                 
80200e0e 80200e0e        0     1                 
80200e16 80200e16        0     1                 
80200e1a 80200e1a        0     1                 
80200e1e 80200e1e        0     1                 
80200e26 80200e26        0     1                 
80200e2a 80200e2a        0     1                 
80200e38 80200e38        0     1                 
80200e38 80200e38        0     1                 
80200e40 80200e40        0     1                 
80200e46 80200e46        0     1                 
80200e4a 80200e4a        0     1                 
80200e52 80200e52        0     1                 
80200e62 80200e62        0     1                 
80200e64 80200e64        0     1                 
80200e68 80200e68        0     1                 
80200e6c 80200e6c        0     1                 
80200e8c 80200e8c        0     1                 
80200ea6 80200ea6        0     1                 
80200ea8 80200ea8        0     1                 
80200ea8 80200ea8        0     1                 
80200ea8 80200ea8        0     1                 
80200ea8 80200ea8        0     1                 
80200ea8 80200ea8        0     1                 
80200ea8 80200ea8        0     1                 
80200ea8 80200ea8       14     1                 putchar
80200eba 80200eba        0     1                 
80200eba 80200eba        0     1                 
80200ebc 80200ebc        0     1                 
80200ebc 80200ebc        0     1                 
80200ebc 80200ebc        0     1                 
80200ebc 80200ebc        0     1                 
80200ebc 80200ebc        0     1                 
80200ebc 80200ebc        0     1                 
80200ebc 80200ebc       16     1                 getchar
80200ed0 80200ed0        0     1                 
80200ed0 80200ed0        0     1                 
80200ed2 80200ed2        0     1                 
80200ed2 80200ed2        0     1                 
80200ed4 80200ed4        0     1                 
80200ed4 80200ed4        0     1                 
80200ed4 80200ed4        0     1                 
80200ed4 80200ed4        0     1                 
80200ed4 80200ed4       9c     1                 kernel_entry
80200f70 80200f70        0     1                 
80200f70 80200f70        0     1                 
80200f70 80200f70        0     1                 
80200f70 80200f70        0     1                 
80200f70 80200f70        0     1                 
80200f70 80200f70        0     1                 
80200f70 80200f70       46     1                 switch_context
80200fb6 80200fb6        0     1                 
80200fb6 80200fb6        0     1                 
80200fb6 80200fb6        0     1                 
80200fb6 80200fb6        0     1                 
80200fb6 80200fb6        0     1                 
80200fb6 80200fb6       10     1                 delay
80200fbe 80200fbe        0     1                 
80200fbe 80200fbe        0     1                 
80200fc0 80200fc0        0     1                 
80200fc2 80200fc2        0     1                 
80200fc4 80200fc4        0     1                 
80200fc4 80200fc4        0     1                 
80200fc6 80200fc6        0     1                 
80200fc6 80200fc6        0     1                 
80200fc6 80200fc6        0     1                 
80200fc6 80200fc6        0     1                 
80200fc6 80200fc6        0     1                 
80200fc6 80200fc6      1b0     1                 yield
80200fd2 80200fd2        0     1                 
80200fd6 80200fd6        0     1                 
80200fe8 80200fe8        0     1                 
80200ff6 80200ff6        0     1                 
80200ff8 80200ff8        0     1                 
80200ffc 80200ffc        0     1                 
80200ffe 80200ffe        0     1                 
80201002 80201002        0     1                 
80201004 80201004        0     1                 
80201008 80201008        0     1                 
8020100c 8020100c        0     1                 
80201018 80201018        0     1                 
80201020 80201020        0     1                 
80201022 80201022        0     1                 
80201026 80201026        0     1                 
80201028 80201028        0     1                 
8020102c 8020102c        0     1                 
80201030 80201030        0     1                 
80201042 80201042        0     1                 
80201052 80201052        0     1                 
80201056 80201056        0     1                 
8020105a 8020105a        0     1                 
8020105c 8020105c        0     1                 
80201060 80201060        0     1                 
80201064 80201064        0     1                 
80201070 80201070        0     1                 
80201078 80201078        0     1                 
8020107a 8020107a        0     1                 
8020107e 8020107e        0     1                 
80201080 80201080        0     1                 
80201084 80201084        0     1                 
80201088 80201088        0     1                 
8020109a 8020109a        0     1                 
802010aa 802010aa        0     1                 
802010ae 802010ae        0     1                 
802010b2 802010b2        0     1                 
802010b4 802010b4        0     1                 
802010b8 802010b8        0     1                 
802010bc 802010bc        0     1                 
802010c8 802010c8        0     1                 
802010d0 802010d0        0     1                 
802010d2 802010d2        0     1                 
802010d6 802010d6        0     1                 
802010d8 802010d8        0     1                 
802010dc 802010dc        0     1                 
802010e0 802010e0        0     1                 
802010f2 802010f2        0     1                 
80201102 80201102        0     1                 
80201106 80201106        0     1                 
8020110a 8020110a        0     1                 
8020110c 8020110c        0     1                 
80201110 80201110        0     1                 
80201114 80201114        0     1                 
80201120 80201120        0     1                 
80201128 80201128        0     1                 
8020112a 8020112a        0     1                 
8020112e 8020112e        0     1                 
80201130 80201130        0     1                 
80201134 80201134        0     1                 
80201136 80201136        0     1                 
8020113a 8020113a        0     1                 
8020113c 8020113c        0     1                 
80201142 80201142        0     1                 
80201148 80201148        0     1                 
8020114a 8020114a        0     1                 
8020115a 8020115a        0     1                 
80201162 80201162        0     1                 
80201164 80201164        0     1                 
80201168 80201168        0     1                 
8020116c 8020116c        0     1                 
8020116c 8020116c        0     1                 
80201174 80201174        0     1                 
80201176 80201176        0     1                 
80201176 80201176        0     1                 
80201176 80201176        0     1                 
80201176 80201176        0     1                 
80201176 80201176        0     1                 
80201176 80201176       46     1                 proc_a_entry
80201178 80201178        0     1                 
80201178 80201178        0     1                 
8020117c 8020117c        0     1                 
8020118c 8020118c        0     1                 
8020118c 8020118c        0     1                 
80201194 80201194        0     1                 
80201194 80201194        0     1                 
802011aa 802011aa        0     1                 
802011ac 802011ac        0     1                 
802011ac 802011ac        0     1                 
802011ae 802011ae        0     1                 
802011b0 802011b0        0     1                 
802011b2 802011b2        0     1                 
802011b2 802011b2        0     1                 
802011ba 802011ba        0     1                 
802011ba 802011ba        0     1                 
802011bc 802011bc        0     1                 
802011bc 802011bc        0     1                 
802011bc 802011bc        0     1                 
802011bc 802011bc        0     1                 
802011bc 802011bc        0     1                 
802011bc 802011bc       46     1                 proc_b_entry
802011be 802011be        0     1                 
802011be 802011be        0     1                 
802011c2 802011c2        0     1                 
802011d2 802011d2        0     1                 
802011d2 802011d2        0     1                 
802011da 802011da        0     1                 
802011da 802011da        0     1                 
802011f0 802011f0        0     1                 
802011f2 802011f2        0     1                 
802011f2 802011f2        0     1                 
802011f4 802011f4        0     1                 
802011f6 802011f6        0     1                 
802011f8 802011f8        0     1                 
802011f8 802011f8        0     1                 
80201200 80201200        0     1                 
80201200 80201200        0     1                 
80201202 80201202        0     1                 
80201202 80201202        0     1                 
80201202 80201202        0     1                 
80201202 80201202        0     1                 
80201202 80201202        0     1                 
80201202 80201202       9c     1                 kernel_main
80201204 80201204        0     1                 
80201204 80201204        0     1                 
80201206 80201206        0     1                 
80201224 80201224        0     1                 
80201224 80201224        0     1                 
80201230 80201230        0     1                 
80201230 80201230        0     1                 
80201238 80201238        0     1                 
80201238 80201238        0     1                 
80201240 80201240        0     1                 
80201240 80201240        0     1                 
8020124c 8020124c        0     1                 
8020124c 8020124c        0     1                 
80201256 80201256        0     1                 
80201258 80201258        0     1                 
80201260 80201260        0     1                 
80201278 80201278        0     1                 
80201278 80201278        0     1                 
80201280 80201280        0     1                 
80201280 80201280        0     1                 
8020129c 8020129c        0     1                 
8020129e 8020129e        0     1                 
8020129e 8020129e        0     1                 
8020129e 8020129e        0     1                 
8020129e 8020129e        0     1                 
8020129e 8020129e        0     1                 
8020129e 8020129e       50     1                 fs_lookup
802012a0 802012a0        0     1                 
802012a6 802012a6        0     1                 
802012b4 802012b4        0     1                 
802012b4 802012b4        0     1                 
802012be 802012be        0     1                 
802012be 802012be        0     1                 
802012c4 802012c4        0     1                 
802012ce 802012ce        0     1                 
802012d4 802012d4        0     1                 
802012de 802012de        0     1                 
802012e4 802012e4        0     1                 
802012e4 802012e4        0     1                 
802012ee 802012ee        0     1                 
802012ee 802012ee        0     1                 
802012ee 802012ee        0     1                 
802012ee 802012ee        0     1                 
802012ee 802012ee        0     1                 
802012ee 802012ee      292     1                 handle_syscall
802012f0 802012f0        0     1                 
80201308 80201308        0     1                 
8020130a 8020130a        0     1                 
8020132c 8020132c        0     1                 
80201330 80201330        0     1                 
80201332 80201332        0     1                 
80201336 80201336        0     1                 
80201338 80201338        0     1                 
8020133c 8020133c        0     1                 
8020133e 8020133e        0     1                 
80201342 80201342        0     1                 
8020134a 8020134a        0     1                 
8020134c 8020134c        0     1                 
8020135c 8020135c        0     1                 
8020135c 8020135c        0     1                 
80201362 80201362        0     1                 
80201364 80201364        0     1                 
8020136c 8020136c        0     1                 
8020136c 8020136c        0     1                 
80201388 80201388        0     1                 
8020138a 8020138a        0     1                 
80201394 80201394        0     1                 
802013aa 802013aa        0     1                 
802013ba 802013ba        0     1                 
802013ca 802013ca        0     1                 
802013d2 802013d2        0     1                 
802013de 802013de        0     1                 
802013de 802013de        0     1                 
802013e8 802013e8        0     1                 
802013e8 802013e8        0     1                 
802013ee 802013ee        0     1                 
802013f8 802013f8        0     1                 
802013f8 802013f8        0     1                 
802013fa 802013fa        0     1                 
802013fa 802013fa        0     1                 
8020140c 8020140c        0     1                 
8020140c 8020140c        0     1                 
80201410 80201410        0     1                 
80201414 80201414        0     1                 
80201414 80201414        0     1                 
80201426 80201426        0     1                 
80201428 80201428        0     1                 
80201428 80201428        0     1                 
8020143c 8020143c        0     1                 
80201440 80201440        0     1                 
80201448 80201448        0     1                 
80201448 80201448        0     1                 
8020145c 8020145c        0     1                 
80201460 80201460        0     1                 
80201476 80201476        0     1                 
80201478 80201478        0     1                 
80201478 80201478        0     1                 
80201494 80201494        0     1                 
80201496 80201496        0     1                 
802014c8 802014c8        0     1                 
802014cc 802014cc        0     1                 
802014d0 802014d0        0     1                 
802014e2 802014e2        0     1                 
802014e4 802014e4        0     1                 
80201506 80201506        0     1                 
8020151c 8020151c        0     1                 
80201520 80201520        0     1                 
8020152c 8020152c        0     1                 
8020152c 8020152c        0     1                 
80201530 80201530        0     1                 
80201538 80201538        0     1                 
80201538 80201538        0     1                 
8020153a 8020153a        0     1                 
80201548 80201548        0     1                 
80201548 80201548        0     1                 
80201564 80201564        0     1                 
80201580 80201580        0     1                 
80201580 80201580        0     1                 
80201580 80201580        0     1                 
80201580 80201580        0     1                 
80201580 80201580        0     1                 
80201580 80201580       50     1                 handle_trap
80201582 80201582        0     1                 
80201582 80201582        0     1                 
80201582 80201582        0     1                 
80201586 80201586        0     1                 
8020158a 8020158a        0     1                 
8020158a 8020158a        0     1                 
8020158e 8020158e        0     1                 
80201590 80201590        0     1                 
80201590 80201590        0     1                 
80201594 80201594        0     1                 
80201594 80201594        0     1                 
80201598 80201598        0     1                 
802015a0 802015a0        0     1                 
802015a0 802015a0        0     1                 
802015a4 802015a4        0     1                 
802015a4 802015a4        0     1                 
802015a8 802015a8        0     1                 
802015a8 802015a8        0     1                 
802015b0 802015b0        0     1                 
802015ce 802015ce        0     1                 
802015d0 802015d0        0     1                 
802015d0 802015d0        0     1                 
802015d0 802015d0      282     4         /tmp/common-7bf3fd.o:(.text)
802015d0 802015d0        0     1                 
802015d0 802015d0        0     1                 
802015d0 802015d0        0     1                 
802015d0 802015d0      1f8     1                 printf
802015d2 802015d2        0     1                 
802015ec 802015ec        0     1                 
802015fe 802015fe        0     1                 
80201626 80201626        0     1                 
8020162a 8020162a        0     1                 
8020162c 8020162c        0     1                 
80201630 80201630        0     1                 
80201638 80201638        0     1                 
80201640 80201640        0     1                 
80201640 80201640        0     1                 
80201642 80201642        0     1                 
80201644 80201644        0     1                 
80201648 80201648        0     1                 
8020164a 8020164a        0     1                 
8020165a 8020165a        0     1                 
80201666 80201666        0     1                 
8020166a 8020166a        0     1                 
8020166c 8020166c        0     1                 
80201672 80201672        0     1                 
8020167a 8020167a        0     1                 
8020167a 8020167a        0     1                 
80201684 80201684        0     1                 
80201684 80201684        0     1                 
80201688 80201688        0     1                 
8020168e 8020168e        0     1                 
80201696 80201696        0     1                 
80201696 80201696        0     1                 
8020169a 8020169a        0     1                 
8020169c 8020169c        0     1                 
802016a2 802016a2        0     1                 
802016aa 802016aa        0     1                 
802016aa 802016aa        0     1                 
802016ae 802016ae        0     1                 
802016b0 802016b0        0     1                 
802016b6 802016b6        0     1                 
802016be 802016be        0     1                 
802016be 802016be        0     1                 
802016c2 802016c2        0     1                 
802016c4 802016c4        0     1                 
802016ca 802016ca        0     1                 
802016d2 802016d2        0     1                 
802016d2 802016d2        0     1                 
802016d6 802016d6        0     1                 
802016d8 802016d8        0     1                 
802016de 802016de        0     1                 
802016e6 802016e6        0     1                 
802016e6 802016e6        0     1                 
802016ea 802016ea        0     1                 
802016ec 802016ec        0     1                 
802016f2 802016f2        0     1                 
802016fa 802016fa        0     1                 
802016fa 802016fa        0     1                 
802016fe 802016fe        0     1                 
80201700 80201700        0     1                 
80201706 80201706        0     1                 
8020170e 8020170e        0     1                 
8020170e 8020170e        0     1                 
80201712 80201712        0     1                 
80201718 80201718        0     1                 
80201718 80201718        0     1                 
80201720 80201720        0     1                 
80201720 80201720        0     1                 
80201722 80201722        0     1                 
80201724 80201724        0     1                 
80201724 80201724        0     1                 
8020172e 8020172e        0     1                 
80201732 80201732        0     1                 
8020173a 8020173a        0     1                 
80201746 80201746        0     1                 
80201746 80201746        0     1                 
8020174a 8020174a        0     1                 
80201750 80201750        0     1                 
80201750 80201750        0     1                 
8020175c 8020175c        0     1                 
8020175c 8020175c        0     1                 
80201760 80201760        0     1                 
80201762 80201762        0     1                 
80201766 80201766        0     1                 
80201768 80201768        0     1                 
8020176c 8020176c        0     1                 
80201770 80201770        0     1                 
80201774 80201774        0     1                 
80201776 80201776        0     1                 
8020177a 8020177a        0     1                 
8020177e 8020177e        0     1                 
8020178a 8020178a        0     1                 
8020178a 8020178a        0     1                 
80201792 80201792        0     1                 
80201798 80201798        0     1                 
8020179e 8020179e        0     1                 
802017aa 802017aa        0     1                 
802017aa 802017aa        0     1                 
802017c8 802017c8        0     1                 
802017c8 802017c8        0     1                 
802017c8 802017c8        0     1                 
802017c8 802017c8        0     1                 
802017c8 802017c8        0     1                 
802017c8 802017c8        0     1                 
802017c8 802017c8       1a     1                 memcpy
802017ca 802017ca        0     1                 
802017cc 802017cc        0     1                 
802017d0 802017d0        0     1                 
802017d2 802017d2        0     1                 
802017d4 802017d4        0     1                 
802017d8 802017d8        0     1                 
802017dc 802017dc        0     1                 
802017de 802017de        0     1                 
802017e0 802017e0        0     1                 
802017e2 802017e2        0     1                 
802017e2 802017e2        0     1                 
802017e2 802017e2        0     1                 
802017e2 802017e2        0     1                 
802017e2 802017e2        0     1                 
802017e2 802017e2        0     1                 
802017e2 802017e2       14     1                 memset
802017e4 802017e4        0     1                 
802017e6 802017e6        0     1                 
802017e8 802017e8        0     1                 
802017ec 802017ec        0     1                 
802017f0 802017f0        0     1                 
802017f2 802017f2        0     1                 
802017f4 802017f4        0     1                 
802017f6 802017f6        0     1                 
802017f6 802017f6        0     1                 
802017f6 802017f6        0     1                 
802017f6 802017f6        0     1                 
802017f6 802017f6        0     1                 
802017f6 802017f6        0     1                 
802017f6 802017f6       24     1                 strcpy
802017fc 802017fc        0     1                 
80201800 80201800        0     1                 
80201802 80201802        0     1                 
80201806 80201806        0     1                 
8020180a 8020180a        0     1                 
8020180e 8020180e        0     1                 
80201810 80201810        0     1                 
80201812 80201812        0     1                 
80201814 80201814        0     1                 
80201818 80201818        0     1                 
8020181a 8020181a        0     1                 
8020181a 8020181a        0     1                 
8020181a 8020181a        0     1                 
8020181a 8020181a        0     1                 
8020181a 8020181a        0     1                 
8020181a 8020181a        0     1                 
8020181a 8020181a       38     1                 strcmp
8020181e 8020181e        0     1                 
80201820 80201820        0     1                 
80201822 80201822        0     1                 
80201826 80201826        0     1                 
80201834 80201834        0     1                 
80201838 80201838        0     1                 
8020183c 8020183c        0     1                 
8020183e 8020183e        0     1                 
80201842 80201842        0     1                 
80201844 80201844        0     1                 
80201848 80201848        0     1                 
8020184c 8020184c        0     1                 
80201850 80201850        0     1                 
80201852 80201852        0     1                 
80201852 80201852        0     1                 
80201854 80201854      311     4 .rodata
80201854 80201854      311     1         <internal>:(.rodata)
80201b68 80201b68    10530     4 .data
80201b68 80201b68    10530     1         shell.bin.o:(.data)
80201b68 80201b68        0     1                 _binary_shell_bin_start
80212098 80212098        0     1                 _binary_shell_bin_end
80212098 80212098        4     4 .sdata
80212098 80212098        4     4         /tmp/kernel-ff4e94.o:(.sdata)
80212098 80212098        4     1                 alloc_pages.next_paddr
8021209c 8021209c    11378     4 .bss
8021209c 8021209c        0     1         __bss = .
8021209c 8021209c       20     4         /tmp/kernel-ff4e94.o:(.sbss)
8021209c 8021209c        4     1                 blk_request_vq
802120a0 802120a0        4     1                 blk_capacity
802120a4 802120a4        4     1                 blk_req_paddr
802120a8 802120a8        4     1                 blk_req
802120ac 802120ac        4     1                 idle_proc
802120b0 802120b0        4     1                 current_proc
802120b4 802120b4        4     1                 proc_a
802120b8 802120b8        4     1                 proc_b
802120bc 802120bc    11358     4         /tmp/kernel-ff4e94.o:(.bss)
802120bc 802120bc      a00     1                 disk
80212abc 80212abc      8d8     1                 files
80213394 80213394    10080     1                 procs
80223414 80223414        0     1         __bss_end = .
80223414 80223414        0     1 . = ALIGN ( 4 )
80223414 80223414    20000     1 . += 128 * 1024
80243414 80243414        0     1 __stack_top = .
80243414 80243414      bec     1 . = ALIGN ( 4096 )
80244000 80244000        0     1 __free_ram = .
80244000 80244000  4000000     1 . += 64 * 1024 * 1024
84244000 84244000        0     1 __free_ram_end = .
       0        0      e4b     1 .debug_loclists
       0        0      c12     1         /tmp/kernel-ff4e94.o:(.debug_loclists)
       c        c        0     1                 
     c12      c12      239     1         /tmp/common-7bf3fd.o:(.debug_loclists)
     c1e      c1e        0     1                 
       0        0      458     1 .debug_abbrev
       0        0      353     1         /tmp/kernel-ff4e94.o:(.debug_abbrev)
     353      353      105     1         /tmp/common-7bf3fd.o:(.debug_abbrev)
       0        0     1891     1 .debug_info
       0        0     1679     1         /tmp/kernel-ff4e94.o:(.debug_info)
    1679     1679      218     1         /tmp/common-7bf3fd.o:(.debug_info)
       0        0      146     1 .debug_rnglists
       0        0      12b     1         /tmp/kernel-ff4e94.o:(.debug_rnglists)
       c        c        0     1                 
     12b      12b       1b     1         /tmp/common-7bf3fd.o:(.debug_rnglists)
     137      137        0     1                 
       0        0      3a0     1 .debug_str_offsets
       0        0      310     1         /tmp/kernel-ff4e94.o:(.debug_str_offsets)
       8        8        0     1                 
     310      310       90     1         /tmp/common-7bf3fd.o:(.debug_str_offsets)
     318      318        0     1                 
       0        0      62f     1 .debug_str
       0        0      62f     1         <internal>:(.debug_str)
       0        0      310     1 .debug_addr
       0        0      2b4     1         /tmp/kernel-ff4e94.o:(.debug_addr)
       8        8        0     1                 
     2b4      2b4       5c     1         /tmp/common-7bf3fd.o:(.debug_addr)
     2bc      2bc        0     1                 
       0        0       42     1 .comment
       0        0       42     1         <internal>:(.comment)
       0        0       2b     1 .riscv.attributes
       0        0       2b     1         /tmp/kernel-ff4e94.o:(.riscv.attributes)
       0        0      364     4 .debug_frame
       0        0      2e0     4         /tmp/kernel-ff4e94.o:(.debug_frame)
       0        0        0     1                 
     2e0      2e0       84     4         /tmp/common-7bf3fd.o:(.debug_frame)
     2e0      2e0        0     1                 
       0        0     1cb9     1 .debug_line
       0        0     1867     1         /tmp/kernel-ff4e94.o:(.debug_line)
       0        0        0     1                 .Lline_table_start0
    1867     1867      452     1         /tmp/common-7bf3fd.o:(.debug_line)
    1867     1867        0     1                 .Lline_table_start0
       0        0       3c     1 .debug_line_str
       0        0       3c     1         <internal>:(.debug_line_str)
       0        0     5db0     4 .symtab
       0        0     5db0     4         <internal>:(.symtab)
       0        0       e3     1 .shstrtab
       0        0       e3     1         <internal>:(.shstrtab)
       0        0      2d4     1 .strtab
       0        0      2d4     1         <internal>:(.strtab)
